1># stress Sistema
2># Prueba de uso de memoria
3>Fin Apagar.Fin Solicitan.
4>Fin
