1># Lista
2>OK
3>OK
4>Ordenada. Lista vacia. 
5>OK
6>OK
7>Ordenada. cuatro 
8>OK
9>OK
10>NO ordenada. cinco cuatro seis uno segunda mitad de la lista 
11>OK
12>Ordenada. cinco cuatro seis uno 
13>NO ordenada. segunda mitad de la lista 
14>OK
15>Ordenada. de la lista 
16>NO ordenada. segunda mitad 
17>cinco
18>uno
19>Ordenada. cuatro seis 
20>OK
21>Ordenada. segunda 
22>Ordenada. mitad 
23>mitad
24>Ordenada. Lista vacia. 
25>Fin
