1># stress ColaPrioridad
2># Prueba de orden de tiempo
3>Fin EsVacia, Minimo, Prioridad. Fin Extraer. Fin Elementos. Fin Insertar. 
4># Prueba de uso de memoria
5>Fin Destruir. Fin Extraer. 
6>Fin
