1>No hay solicitudes
2>Reiniciando
3>No hay solicitudes
4>No hay solicitudes
5> 0
6>Reiniciando
7>OK
8>OK
9>OK
10> 90
11>(90,chrome) (95,chrome) 
12>Reiniciando
13>OK
14>(1,chrome) 
15>Reiniciando
16>OK
17>Reiniciando
18>OK
19>OK
20>OK
21>SI NO 
22>OK
23>SI NO 
24>OK
25>SI NO 
26>OK
27>NO NO 
28>OK
29>SI NO 
30>OK
31>NO NO 
32>OK
33>NO NO 
34>OK
35>NO NO 
36>OK
37>NO NO 
38>OK
39>SI NO 
40>OK
41>SI NO 
42>OK
43>NO NO 
44>(4,chrome) 
45>Reiniciando
46>OK
47>OK
48>OK
49>NO SI 
50>OK
51>NO SI 
52>OK
53>NO SI 
54>OK
55>NO SI 
56>OK
57>NO NO 
58>OK
59>NO SI 
60>OK
61>NO NO 
62>OK
63>NO NO 
64>OK
65>NO NO 
66>OK
67>NO NO 
68>OK
69>NO SI 
70>OK
71>NO SI 
72>OK
73>NO NO 
74>(47,chrome) (74,chrome) 
75>Reiniciando
76>OK
77>(3,slack) (43,chrome) 
78>Reiniciando
79>OK
80>Reiniciando
81>OK
82>OK
83>OK
84>SI SI NO 
85>OK
86>NO SI NO 
87>OK
88>NO SI NO 
89>OK
90>NO NO NO 
91>OK
92>NO NO NO 
93>OK
94>SI NO NO 
95>OK
96>NO NO NO 
97>OK
98>NO NO NO 
99>OK
100>SI SI NO 
101>OK
102>SI SI NO 
103>OK
104>NO NO NO 
105>OK
106>NO NO NO 
107>OK
108>SI NO NO 
109>OK
110>SI NO NO 
111>OK
112>NO SI NO 
113>OK
114>NO SI NO 
115>OK
116>NO NO NO 
117>(28,chrome) (49,slack) 
118>Reiniciando
119>OK
120>OK
121>OK
122>NO SI SI 
123>OK
124>NO SI SI 
125>OK
126>NO SI SI 
127>OK
128>NO NO NO 
129>OK
130>NO SI SI 
131>OK
132>NO NO NO 
133>OK
134>NO NO NO 
135>OK
136>NO NO NO 
137>OK
138>NO NO NO 
139>OK
140>NO SI SI 
141>OK
142>NO SI SI 
143>OK
144>NO NO NO 
145>(30,sublime) (30,slack) 
146>Reiniciando
147>OK
148>OK
149>OK
150>NO NO NO NO NO NO 
151>OK
152>NO NO SI NO NO SI 
153>OK
154>NO NO SI NO NO SI 
155>OK
156>NO NO SI NO NO SI 
157>OK
158>NO NO NO NO NO NO 
159>OK
160>NO NO SI NO NO SI 
161>OK
162>NO NO SI NO NO SI 
163>OK
164>NO NO NO NO NO NO 
165>OK
166>NO NO NO NO NO NO 
167>OK
168>NO NO NO NO NO NO 
169>OK
170>NO NO NO NO NO NO 
171>OK
172>NO NO SI NO NO SI 
173>OK
174>NO NO SI NO NO SI 
175>OK
176>NO NO NO NO NO NO 
177>(1,root) (1,ps) (100,ps) (100,root) 
178>No hay solicitudes
179>Reiniciando
180>OK
181>OK
182>OK
183>NO NO NO NO SI SI NO SI SI NO SI 
184>OK
185>NO NO NO NO NO SI NO NO SI NO SI 
186>OK
187>NO NO NO NO SI SI NO SI SI NO SI 
188>OK
189>NO NO NO NO NO NO SI SI NO NO NO 
190>OK
191>SI NO NO NO NO SI NO NO SI NO SI 
192>OK
193>NO NO NO NO NO NO NO NO NO NO NO 
194>OK
195>NO NO NO NO NO NO NO NO SI NO NO 
196>OK
197>NO NO NO NO NO NO NO NO SI NO NO 
198>OK
199>NO NO NO NO NO NO NO NO SI NO NO 
200>OK
201>NO NO NO NO NO NO NO NO SI NO NO 
202>OK
203>NO NO NO NO NO NO NO NO SI NO NO 
204>OK
205>SI NO NO NO SI NO NO NO NO NO NO 
206>OK
207>NO NO NO NO NO SI SI NO SI NO SI 
208>OK
209>NO NO NO NO NO NO NO NO NO NO NO 
210>OK
211>SI NO NO NO NO SI NO SI SI NO SI 
212>OK
213>NO NO NO NO NO NO NO NO NO NO NO 
214>(1,ls) (1,cmp) (22,wc) (22,pwd) (23,git) (23,cmp) (45,cmp) (46,diff) (88,pwd) (100,ls) (100,pwd) 
215>No hay solicitudes
216>Reiniciando
217>OK
218>OK
219>OK
220>NO NO SI NO NO NO NO NO NO NO SI NO NO SI SI NO SI SI NO NO NO SI SI NO NO SI SI 
221>OK
222>NO NO SI NO NO NO NO NO NO NO SI NO NO SI SI NO NO SI NO NO NO NO SI NO NO SI NO 
223>OK
224>SI NO SI SI NO NO NO NO NO NO SI NO NO SI SI NO NO SI NO NO NO NO SI NO NO SI NO 
225>OK
226>NO NO NO NO NO NO NO NO NO NO NO NO NO NO NO NO NO NO NO NO SI SI NO NO NO NO NO 
227>OK
228>SI NO NO NO NO NO NO NO SI NO NO NO NO NO NO NO NO NO NO NO NO SI NO NO NO NO NO 
229>OK
230>NO NO NO NO NO NO NO NO NO NO NO NO NO NO NO NO NO NO NO NO NO NO NO NO NO NO NO 
231>OK
232>NO NO NO NO NO NO NO NO NO NO NO NO NO NO NO NO NO NO NO NO NO NO NO NO NO NO NO 
233>OK
234>NO NO NO NO NO NO NO NO SI NO NO NO NO NO NO NO NO NO NO NO NO NO NO NO NO NO NO 
235>OK
236>NO NO NO NO NO NO NO SI NO NO NO NO NO NO NO NO NO NO NO NO NO NO NO NO NO NO NO 
237>OK
238>NO NO NO NO NO NO NO NO NO NO NO NO NO NO NO NO NO NO NO NO NO NO NO NO NO NO NO 
239>OK
240>NO NO NO NO NO NO NO NO NO NO NO NO NO NO NO NO NO NO NO NO NO NO NO NO NO NO NO 
241>OK
242>NO NO SI SI NO NO NO NO NO NO SI NO NO SI SI NO NO SI NO NO NO NO SI NO NO SI NO 
243>OK
244>SI NO NO NO NO NO NO NO NO NO NO NO NO NO NO NO NO NO NO NO NO SI NO NO NO NO NO 
245>OK
246>NO NO NO NO NO NO NO NO NO NO NO NO NO NO NO NO NO NO NO NO NO NO NO NO NO NO NO 
247>OK
248>NO NO SI NO NO NO NO NO NO NO SI NO NO SI SI NO NO SI NO NO SI SI SI NO NO SI NO 
249>OK
250>NO NO NO NO NO NO NO NO NO NO NO NO NO NO NO NO SI NO NO NO SI NO NO NO NO NO SI 
251>(1,ls) (1,cmp) (1,writer) (2,writer) (3,who) (4,writer) (22,wc) (22,pwd) (22,who) (22,mysqld) (22,scp) (23,git) (23,cmp) (23,cal) (27,time) (32,top) (43,gzip) (45,cmp) (45,python) (46,diff) (67,tar) (82,killall) (82,kill) (83,top) (84,mysqldump) (88,pwd) (88,ssh) (96,gcc) (100,ls) (100,pwd) (100,time) 
252>No hay solicitudes
253>Reiniciando
254>Fin
