1># stress Pila
2># Prueba de orden de tiempo
3>Fin Apilar. 
4># Prueba de uso de memoria
5>Fin Destruir. Fin Desapilar. 
6>Fin
