1># stress Binario
2># Prueba de orden de tiempo
3>Fin Copia. Fin Linealizacion. Fin Balanceado. 
4># Prueba de uso de memoria
5>Fin Destruir. Fin Remover. Fin Balanceado. 
6>Fin
