1># ColaPrioridad
2>OK
3>No hay elementos con esa prioridad.
4>La cola de prioridad estaba vacia. 
5>OK
6>No hay elementos con esa prioridad.
7>OK
8>NO ordenada. cuarenta cuarentaycinco cuarentaytres cuarenta 
9>cuarenta - 40
10>OK
11>OK
12>NO ordenada. cuarentaycinco cuarentaytres cuarenta 
13>OK
14>No hay elementos con esa prioridad.
15>OK
16>OK
17>Ordenada. veinte 
18>NO ordenada. cuarentaycinco cuarentaytres cuarenta 
19>OK
20>veinte - 20
21>Ordenada. veinte 
22>OK
23>Ordenada. veintiuno 
24>OK
25>diez - 10
26>OK
27>veintiuno - 20
28>treintaidos - 30
29>OK
30>quince - 15
31>OK
32>No hay elementos con esa prioridad.
33>OK
34>OK
35>Ordenada. doce 
36>NO ordenada. cuarentaycinco cuarentaytres cuarenta 
37>doce - 12
38>veiticinco - 25
39>treinta - 30
40>treintaiuno - 31
41>treintaicinco - 35
42>treintaicinco2 - 35
43>No hay elementos con esa prioridad.
44>treintaiocho - 38
45>cuarentaycinco - 40
46>cuarentaytres - 40
47>OK
48>Ordenada. cuarenta 
49>cuarenta - 40
50>noventainueve - 99
51>La cola de prioridad estaba vacia. 
52>Fin
