1>OK
2>a - 1
3>b - 2
4>OK
5>Ordenada. c d f g h 
6>OK
7>
  (0,h)
   (0,g)
 (0,f)
  (0,d)
   (0,c)
8>OK
9>Ordenada. c d f g h 
10>OK
11>
  (0,h)
   (0,g)
 (0,f)
  (0,d)
   (0,c)

12>La cola estaba vacia.
13>OK
14>Ordenada. c d 
15>Ordenada. f g h 
16>OK
17>OK
18>(2,b)
19>(1,a)
20>La pila estaba vacia. 
21>OK
22>OK
23>OK
24>SI NO SI 
25>Fin
