1>OK
2>OK
3>
   (0,i)
  (0,h)
   (0,g)
    (0,f)
 (0,e)
   (0,d)
  (0,c)
   (0,b)
    (0,a)
4>OK
5>
   (6,y)
    (7,u)
  (5,r)
 (1,o)
   (4,n)
  (2,k)
   (3,a)
6>OK
7>Ordenada. a k n o r u y 
8>OK
9>
   (6,y)
    (7,u)
  (5,r)
 (4,n)
  (3,a)
10>OK
11>OK
12>OK
13>OK
14>NO NO NO NO NO SI SI 
15>OK
16>NO NO NO NO NO NO NO 
17>Hay 5 procesos.
18>boot chrome notepad++ thunderbird word 
19>chrome 
20>OK
21>OK
22>OK
23>SI SI SI NO 
24>OK
25>OK
26>NO NO SI NO 
27>Fin
