1>OK
2>OK
3>rodriguez - 7
4>OK
5>NO ordenada. sanchez rolan mayada 
6>OK
7>OK
8>OK
9>SI SI SI SI 
10>NO NO NO NO 
11>SI SI SI SI 
12>NO NO NO NO 
13>OK
14>OK
15>OK
16>OK
17>OK
18>SI NO NO NO 
19>NO SI SI NO 
20>NO NO NO SI 
21>OK
22>OK
23>boot geoserver notepad tomcat 
24>jetty 
25>boot geoserver ionic jetty notepad tomcat 
26>Fin
