1># stress Solicitudes
2># Prueba de orden de tiempo
3>Fin de la prueba. 
4># Prueba de uso de memoria
5>Fin Destruir.Fin Listar.Fin Operaciones.
6>Fin
