1>OK
2>NO ordenada. Migliore Sandoval Valdez MacEachen Rodriguez MarcelNovick Aguiar Japo Urreta T8ny Zalayeta 
3>Sandoval
4>NO ordenada. Migliore Valdez MacEachen Rodriguez MarcelNovick Aguiar Japo Urreta T8ny Zalayeta 
5>OK
6>OK
7>OK
8>OK
9>(19,JM19)
10>(33,Leyes)
11>(13,Macaluso)
12>(1,Guruceaga)
13>La pila estaba vacia. 
14>OK
15>OK
16>OK
17>NO NO NO NO NO NO NO NO NO NO NO 
18>Hay 7 procesos.
19>
(57,f) 
(10,e) 
(23,b) (19,d) 
(15,a) (88,c) 
(100,boot) 
20>Fin
