1># stress Set
2># Prueba de orden de tiempo
3>Fin operaciones. 
4># Prueba de uso de memoria
5>Fin Destruir. Fin Remover. Fin Operaciones. 
6>Fin
