1>Reiniciando
2>OK
3>OK
4>notepad vim 
5>eclipse javaVM netbeans notepad postgis vim 
6>oraclesql postgis postgressql 
7>boot chrome eclipse firefox gedit geoserver gimp gvsig ionic javaVM jetty netbeans notepad oraclesql postgis postgressql qgis tomcat vim 
8>eclipse javaVM netbeans notepad oraclesql postgis postgressql vim 
9>eclipse javaVM netbeans oraclesql postgis postgressql 
10>Lista vacia. 
11>javaVM 
12>Reiniciando
13>OK
14>OK
15>boot notepad tomcat 
16>boot chrome firefox gimp gvsig notepad tomcat 
17>geoserver ionic 
18>boot chrome firefox geoserver gimp gvsig ionic jetty notepad qgis tomcat 
19>notepad tomcat 
20>Lista vacia. 
21>Reiniciando
22>OK
23>OK
24>boot notepad tomcat 
25>geoserver ionic jetty 
26>boot geoserver ionic jetty notepad tomcat 
27>notepad tomcat 
28>geoserver jetty 
29>Lista vacia. 
30>Fin
